MariaDB [(none)]> tee c:/users/717140/downloads/LOG_Exam2_C0717140.txt;
MariaDB [(none)]> use examc0717140;
Database changed
MariaDB [examc0717140]> select * from employee;
+-------------+--------------------------+--------------+--------+-------------------------------------------------------------------------+
| Employee_ID | Name                     | Position     | Salary | Remarks                                                                 |
+-------------+--------------------------+--------------+--------+-------------------------------------------------------------------------+
|           1 | Phillip J. Fry           | Delivery boy |   7500 | Not to be confused with the Philip J. Fry from Hovering Squid World 97a |
|           2 | Turanga Leela            | Captain      |  10000 | NULL                                                                    |
|           3 | Bender Bending Rodriguez | Robot        |   7500 | NULL                                                                    |
|           4 | Hubert J. Farnsworth     | CEO          |  20000 | NULL                                                                    |
|           5 | John A. Zoidberg         | Physician    |     25 | NULL                                                                    |
|           6 | Amy Wong                 | Intern       |   5000 | NULL                                                                    |
|           7 | Hermes Conrad            | Bureaucrat   |  10000 | NULL                                                                    |
|           8 | Scruffy Scruffington     | Janitor      |   5000 | NULL                                                                    |
+-------------+--------------------------+--------------+--------+-------------------------------------------------------------------------+
8 rows in set (0.00 sec)

MariaDB [examc0717140]> select * from shipment;
+------------+--------------+---------+-----------+
| ShipmentId | ShipmentDate | Manager | Planet_ID |
+------------+--------------+---------+-----------+
|          1 | 3004-05-11   |       1 |         1 |
|          2 | 3004-05-11   |       1 |         2 |
|          3 | NULL         |       2 |         3 |
|          4 | NULL         |       2 |         4 |
|          5 | NULL         |       7 |         5 |
+------------+--------------+---------+-----------+
5 rows in set (0.00 sec)

MariaDB [examc0717140]> select emp.name from employee emp join shipment shp on emp.employee_id = shipmentid;
+--------------------------+
| name                     |
+--------------------------+
| Phillip J. Fry           |
| Turanga Leela            |
| Bender Bending Rodriguez |
| Hubert J. Farnsworth     |
| John A. Zoidberg         |
+--------------------------+
5 rows in set (0.00 sec)

MariaDB [examc0717140]> select emp.name from employee emp join shipment shp on emp.employee_id = shipmentid where emp.name like '%Turanga Leela%';
+---------------+
| name          |
+---------------+
| Turanga Leela |
+---------------+
1 row in set (0.00 sec)

MariaDB [examc0717140]> select emp.name, from employee emp join shipment shp on emp.employee_id = shipmentid where emp.name like '%Turanga Leela%';
ERROR 1064 (42000): You have an error in your SQL syntax; check the manual that corresponds to your MariaDB server version for the right syntax to use near 'from employee emp join shipment shp on emp.employee_id = shipmentid where emp.na' at line 1
MariaDB [examc0717140]> create view v1 as select * from shipment;
ERROR 1050 (42S01): Table 'v1' already exists
MariaDB [examc0717140]> create view v01 as select * from shipment;
Query OK, 0 rows affected (0.06 sec)

MariaDB [examc0717140]> select v1;
ERROR 1054 (42S22): Unknown column 'v1' in 'field list'
MariaDB [examc0717140]> select view v01;
ERROR 1054 (42S22): Unknown column 'view' in 'field list'
MariaDB [examc0717140]> select * from v01;
+------------+--------------+---------+-----------+
| ShipmentId | ShipmentDate | Manager | Planet_ID |
+------------+--------------+---------+-----------+
|          1 | 3004-05-11   |       1 |         1 |
|          2 | 3004-05-11   |       1 |         2 |
|          3 | NULL         |       2 |         3 |
|          4 | NULL         |       2 |         4 |
|          5 | NULL         |       7 |         5 |
+------------+--------------+---------+-----------+
5 rows in set (0.00 sec)

MariaDB [examc0717140]> select emp.name, from employee emp join shipment shp on emp.employee_id = shipmentid where emp.name like '%Turanga Leela%';
ERROR 1064 (42000): You have an error in your SQL syntax; check the manual that corresponds to your MariaDB server version for the right syntax to use near 'from employee emp join shipment shp on emp.employee_id = shipmentid where emp.na' at line 1
MariaDB [examc0717140]> select emp.name from employee emp join shipment shp on emp.employee_id = shipmentid where emp.name like '%Turanga Leela%';
+---------------+
| name          |
+---------------+
| Turanga Leela |
+---------------+
1 row in set (0.00 sec)

MariaDB [examc0717140]> select v01, emp.name from employee emp join shipment shp on emp.employee_id = shipmentid where emp.name like '%Turanga Leela%';
ERROR 1054 (42S22): Unknown column 'v01' in 'field list'
MariaDB [examc0717140]> select * from client;
+---------------+-------------------+
| AccountNumber | Name              |
+---------------+-------------------+
|             1 | Zapp Brannigan    |
|             2 | Al Gore's Head    |
|             3 | Barbados Slim     |
|             4 | Ogden Wernstrom   |
|             5 | Leo Wong          |
|             6 | Lrrr              |
|             7 | John Zoidberg     |
|             8 | John Zoidfarb     |
|             9 | Morbo             |
|            10 | Judge John Whitey |
|            11 | Calculon          |
+---------------+-------------------+
11 rows in set (0.00 sec)

MariaDB [examc0717140]> select * from package;
+----------+---------------+-------------------+--------+--------+-----------+
| shipment | packageNumber | contents          | weight | sender | recipient |
+----------+---------------+-------------------+--------+--------+-----------+
|        1 |             1 | Undeclared        |    1.5 |      1 |         2 |
|        2 |             1 | Undeclared        |     10 |      2 |         3 |
|        2 |             2 | A bucket of krill |      2 |      8 |         7 |
|        3 |             1 | Undeclared        |     15 |      3 |         4 |
|        3 |             2 | Undeclared        |      3 |      5 |         1 |
|        3 |             3 | Undeclared        |      7 |      2 |         3 |
|        4 |             1 | Undeclared        |      5 |      4 |         5 |
|        4 |             2 | Undeclared        |     27 |      1 |         2 |
|        5 |             1 | Undeclared        |    100 |      5 |         1 |
+----------+---------------+-------------------+--------+--------+-----------+
9 rows in set (0.00 sec)

MariaDB [examc0717140]> select cl.name from client cl join package pg on cl.AccountNumber = pg.shipment where pg.content like '%undeclared%';
ERROR 1054 (42S22): Unknown column 'pg.content' in 'where clause'
MariaDB [examc0717140]> select cl.name from client cl join package pg on cl.AccountNumber = pg.shipment where pg.contents like '%undeclared%';
+-----------------+
| name            |
+-----------------+
| Zapp Brannigan  |
| Al Gore's Head  |
| Barbados Slim   |
| Barbados Slim   |
| Barbados Slim   |
| Ogden Wernstrom |
| Ogden Wernstrom |
| Leo Wong        |
+-----------------+
8 rows in set (0.00 sec)

MariaDB [examc0717140]> create view r6 as  select cl.name from client cl join package pg on cl.AccountNumber = pg.shipment where pg.contents like '%undeclared%';
Query OK, 0 rows affected (0.03 sec)

MariaDB [examc0717140]> select * from r6;
+-----------------+
| name            |
+-----------------+
| Zapp Brannigan  |
| Al Gore's Head  |
| Barbados Slim   |
| Barbados Slim   |
| Barbados Slim   |
| Ogden Wernstrom |
| Ogden Wernstrom |
| Leo Wong        |
+-----------------+
8 rows in set (0.00 sec)

MariaDB [examc0717140]> select * from has_clearance;
+----------+--------+-------+
| employee | planet | level |
+----------+--------+-------+
|        1 |      1 |     2 |
|        1 |      2 |     3 |
|        2 |      3 |     2 |
|        2 |      4 |     4 |
|        3 |      5 |     2 |
|        3 |      6 |     4 |
|        4 |      7 |     1 |
+----------+--------+-------+
7 rows in set (0.02 sec)

MariaDB [examc0717140]> select * from employee;
+-------------+--------------------------+--------------+--------+-------------------------------------------------------------------------+
| Employee_ID | Name                     | Position     | Salary | Remarks                                                                 |
+-------------+--------------------------+--------------+--------+-------------------------------------------------------------------------+
|           1 | Phillip J. Fry           | Delivery boy |   7500 | Not to be confused with the Philip J. Fry from Hovering Squid World 97a |
|           2 | Turanga Leela            | Captain      |  10000 | NULL                                                                    |
|           3 | Bender Bending Rodriguez | Robot        |   7500 | NULL                                                                    |
|           4 | Hubert J. Farnsworth     | CEO          |  20000 | NULL                                                                    |
|           5 | John A. Zoidberg         | Physician    |     25 | NULL                                                                    |
|           6 | Amy Wong                 | Intern       |   5000 | NULL                                                                    |
|           7 | Hermes Conrad            | Bureaucrat   |  10000 | NULL                                                                    |
|           8 | Scruffy Scruffington     | Janitor      |   5000 | NULL                                                                    |
+-------------+--------------------------+--------------+--------+-------------------------------------------------------------------------+
8 rows in set (0.00 sec)

MariaDB [examc0717140]> select * from planet;
+-----------+------------------+-------------+
| Planet_ID | Name             | Coordinates |
+-----------+------------------+-------------+
|         1 | Omicron Persei 8 |    89475300 |
|         2 | Decapod X        | 65498500000 |
|         3 | Mars             |    32435000 |
|         4 | Omega III        |    98432100 |
|         5 | Tarantulon VI    |   849842000 |
|         6 | Cannibalon       |   654322000 |
|         7 | DogDoo VII       | 65498700000 |
|         8 | Nintenduu 64     |  6543220000 |
|         9 | Amazonia         | 65432100000 |
+-----------+------------------+-------------+
9 rows in set (0.00 sec)

MariaDB [examc0717140]> select * from shipment;
+------------+--------------+---------+-----------+
| ShipmentId | ShipmentDate | Manager | Planet_ID |
+------------+--------------+---------+-----------+
|          1 | 3004-05-11   |       1 |         1 |
|          2 | 3004-05-11   |       1 |         2 |
|          3 | NULL         |       2 |         3 |
|          4 | NULL         |       2 |         4 |
|          5 | NULL         |       7 |         5 |
+------------+--------------+---------+-----------+
5 rows in set (0.00 sec)

MariaDB [examc0717140]>  from employee emp join shipment shp on emp.employee_id = shipmentid where emp.name like '%Turanga Leela%';
ERROR 1064 (42000): You have an error in your SQL syntax; check the manual that corresponds to your MariaDB server version for the right syntax to use near ' from employee emp join shipment shp on emp.employee_id = shipmentid where emp.' at line 1
MariaDB [examc0717140]> 
MariaDB [examc0717140]>  select emp.name from employee emp join shipment shp on emp.employee_id = shipmentid where emp.name like '%Turanga Leela%';
+---------------+
| name          |
+---------------+
| Turanga Leela |
+---------------+
1 row in set (0.00 sec)

MariaDB [examc0717140]>  select emp.name,shipmentid from employee emp join shipment shp on emp.employee_id = shipmentid where emp.name like '%Turanga Leela%';
+---------------+------------+
| name          | shipmentid |
+---------------+------------+
| Turanga Leela |          2 |
+---------------+------------+
1 row in set (0.00 sec)

MariaDB [examc0717140]>  select emp.name,shipmentid,shipmentdate,manager,planet from employee emp join shipment shp on emp.employee_id = shipmentid where emp.name like '%Turanga Leela%';
ERROR 1054 (42S22): Unknown column 'planet' in 'field list'
MariaDB [examc0717140]> select * from shipment;
+------------+--------------+---------+-----------+
| ShipmentId | ShipmentDate | Manager | Planet_ID |
+------------+--------------+---------+-----------+
|          1 | 3004-05-11   |       1 |         1 |
|          2 | 3004-05-11   |       1 |         2 |
|          3 | NULL         |       2 |         3 |
|          4 | NULL         |       2 |         4 |
|          5 | NULL         |       7 |         5 |
+------------+--------------+---------+-----------+
5 rows in set (0.00 sec)

MariaDB [examc0717140]>  select emp.name,shipmentid,shipmentdate,shp.manager,shp.planet from employee emp join shipment shp on emp.employee_id = shipmentid where emp.name like '%Turanga Leela%';
ERROR 1054 (42S22): Unknown column 'shp.planet' in 'field list'
MariaDB [examc0717140]>  select emp.name,shipmentid,shipmentdate,shp.manager,shp.planet from employee emp join shipment shp on emp.employee_id = shipmentid where emp.name like '%Turanga Leela%' and shp.shipmentid = 2;
ERROR 1054 (42S22): Unknown column 'shp.planet' in 'field list'
MariaDB [examc0717140]>  select emp.name from employee emp join shipment shp on emp.employee_id = shipmentid where emp.name like '%Turanga Leela%' and shp.shipmentid=2;
+---------------+
| name          |
+---------------+
| Turanga Leela |
+---------------+
1 row in set (0.00 sec)

MariaDB [examc0717140]> update employee set remarks 'remak1';
ERROR 1064 (42000): You have an error in your SQL syntax; check the manual that corresponds to your MariaDB server version for the right syntax to use near ''remak1'' at line 1
MariaDB [examc0717140]> update employee set remarks 'add remark' where remarks = NULL;
ERROR 1064 (42000): You have an error in your SQL syntax; check the manual that corresponds to your MariaDB server version for the right syntax to use near ''add remark' where remarks = NULL' at line 1
MariaDB [examc0717140]> update employee set remarks 'add remark' where remarks = 'null';
ERROR 1064 (42000): You have an error in your SQL syntax; check the manual that corresponds to your MariaDB server version for the right syntax to use near ''add remark' where remarks = 'null'' at line 1
MariaDB [examc0717140]> select * from client;
+---------------+-------------------+
| AccountNumber | Name              |
+---------------+-------------------+
|             1 | Zapp Brannigan    |
|             2 | Al Gore's Head    |
|             3 | Barbados Slim     |
|             4 | Ogden Wernstrom   |
|             5 | Leo Wong          |
|             6 | Lrrr              |
|             7 | John Zoidberg     |
|             8 | John Zoidfarb     |
|             9 | Morbo             |
|            10 | Judge John Whitey |
|            11 | Calculon          |
+---------------+-------------------+
11 rows in set (0.00 sec)

MariaDB [examc0717140]> select * from packages;
ERROR 1146 (42S02): Table 'examc0717140.packages' doesn't exist
MariaDB [examc0717140]> select * from package;
+----------+---------------+-------------------+--------+--------+-----------+
| shipment | packageNumber | contents          | weight | sender | recipient |
+----------+---------------+-------------------+--------+--------+-----------+
|        1 |             1 | Undeclared        |    1.5 |      1 |         2 |
|        2 |             1 | Undeclared        |     10 |      2 |         3 |
|        2 |             2 | A bucket of krill |      2 |      8 |         7 |
|        3 |             1 | Undeclared        |     15 |      3 |         4 |
|        3 |             2 | Undeclared        |      3 |      5 |         1 |
|        3 |             3 | Undeclared        |      7 |      2 |         3 |
|        4 |             1 | Undeclared        |      5 |      4 |         5 |
|        4 |             2 | Undeclared        |     27 |      1 |         2 |
|        5 |             1 | Undeclared        |    100 |      5 |         1 |
+----------+---------------+-------------------+--------+--------+-----------+
9 rows in set (0.00 sec)

MariaDB [examc0717140]> update employee set remarks = 'add remark' where remarks is null;
Query OK, 7 rows affected (0.09 sec)
Rows matched: 7  Changed: 7  Warnings: 0

MariaDB [examc0717140]> select * from employee;
+-------------+--------------------------+--------------+--------+-------------------------------------------------------------------------+
| Employee_ID | Name                     | Position     | Salary | Remarks                                                                 |
+-------------+--------------------------+--------------+--------+-------------------------------------------------------------------------+
|           1 | Phillip J. Fry           | Delivery boy |   7500 | Not to be confused with the Philip J. Fry from Hovering Squid World 97a |
|           2 | Turanga Leela            | Captain      |  10000 | add remark                                                              |
|           3 | Bender Bending Rodriguez | Robot        |   7500 | add remark                                                              |
|           4 | Hubert J. Farnsworth     | CEO          |  20000 | add remark                                                              |
|           5 | John A. Zoidberg         | Physician    |     25 | add remark                                                              |
|           6 | Amy Wong                 | Intern       |   5000 | add remark                                                              |
|           7 | Hermes Conrad            | Bureaucrat   |  10000 | add remark                                                              |
|           8 | Scruffy Scruffington     | Janitor      |   5000 | add remark                                                              |
+-------------+--------------------------+--------------+--------+-------------------------------------------------------------------------+
8 rows in set (0.00 sec)

MariaDB [examc0717140]> create view v08 as  update employee set remarks = 'add remark' where remarks is null;
ERROR 1064 (42000): You have an error in your SQL syntax; check the manual that corresponds to your MariaDB server version for the right syntax to use near 'update employee set remarks = 'add remark' where remarks is null' at line 1
MariaDB [examc0717140]> select * from employee;
+-------------+--------------------------+--------------+--------+-------------------------------------------------------------------------+
| Employee_ID | Name                     | Position     | Salary | Remarks                                                                 |
+-------------+--------------------------+--------------+--------+-------------------------------------------------------------------------+
|           1 | Phillip J. Fry           | Delivery boy |   7500 | Not to be confused with the Philip J. Fry from Hovering Squid World 97a |
|           2 | Turanga Leela            | Captain      |  10000 | add remark                                                              |
|           3 | Bender Bending Rodriguez | Robot        |   7500 | add remark                                                              |
|           4 | Hubert J. Farnsworth     | CEO          |  20000 | add remark                                                              |
|           5 | John A. Zoidberg         | Physician    |     25 | add remark                                                              |
|           6 | Amy Wong                 | Intern       |   5000 | add remark                                                              |
|           7 | Hermes Conrad            | Bureaucrat   |  10000 | add remark                                                              |
|           8 | Scruffy Scruffington     | Janitor      |   5000 | add remark                                                              |
+-------------+--------------------------+--------------+--------+-------------------------------------------------------------------------+
8 rows in set (0.00 sec)

MariaDB [examc0717140]> select * from plant;
ERROR 1146 (42S02): Table 'examc0717140.plant' doesn't exist
MariaDB [examc0717140]> select * from planet;
+-----------+------------------+-------------+
| Planet_ID | Name             | Coordinates |
+-----------+------------------+-------------+
|         1 | Omicron Persei 8 |    89475300 |
|         2 | Decapod X        | 65498500000 |
|         3 | Mars             |    32435000 |
|         4 | Omega III        |    98432100 |
|         5 | Tarantulon VI    |   849842000 |
|         6 | Cannibalon       |   654322000 |
|         7 | DogDoo VII       | 65498700000 |
|         8 | Nintenduu 64     |  6543220000 |
|         9 | Amazonia         | 65432100000 |
+-----------+------------------+-------------+
9 rows in set (0.00 sec)

MariaDB [examc0717140]> select * from has_clearance;
+----------+--------+-------+
| employee | planet | level |
+----------+--------+-------+
|        1 |      1 |     2 |
|        1 |      2 |     3 |
|        2 |      3 |     2 |
|        2 |      4 |     4 |
|        3 |      5 |     2 |
|        3 |      6 |     4 |
|        4 |      7 |     1 |
+----------+--------+-------+
7 rows in set (0.00 sec)

MariaDB [examc0717140]> select emp.name,shipmentid,shipmentdate from employee emp join shipment shp on emp.employee_id = shipmentid where emp.name like '%Turanga Leela%';
+---------------+------------+--------------+
| name          | shipmentid | shipmentdate |
+---------------+------------+--------------+
| Turanga Leela |          2 | 3004-05-11   |
+---------------+------------+--------------+
1 row in set (0.00 sec)

MariaDB [examc0717140]> create view v01 as select emp.name,shipmentid,shipmentdate from employee emp join shipment shp on emp.employee_id = shipmentid where emp.name like '%Turanga Leela%';
ERROR 1050 (42S01): Table 'v01' already exists
MariaDB [examc0717140]> create view v001 as select emp.name,shipmentid,shipmentdate from employee emp join shipment shp on emp.employee_id = shipmentid where emp.name like '%Turanga Leela%';
Query OK, 0 rows affected (0.05 sec)

MariaDB [examc0717140]> select * from v001;
+---------------+------------+--------------+
| name          | shipmentid | shipmentdate |
+---------------+------------+--------------+
| Turanga Leela |          2 | 3004-05-11   |
+---------------+------------+--------------+
1 row in set (0.00 sec)

MariaDB [examc0717140]> select * from packages;
ERROR 1146 (42S02): Table 'examc0717140.packages' doesn't exist
MariaDB [examc0717140]> select * from package;
+----------+---------------+-------------------+--------+--------+-----------+
| shipment | packageNumber | contents          | weight | sender | recipient |
+----------+---------------+-------------------+--------+--------+-----------+
|        1 |             1 | Undeclared        |    1.5 |      1 |         2 |
|        2 |             1 | Undeclared        |     10 |      2 |         3 |
|        2 |             2 | A bucket of krill |      2 |      8 |         7 |
|        3 |             1 | Undeclared        |     15 |      3 |         4 |
|        3 |             2 | Undeclared        |      3 |      5 |         1 |
|        3 |             3 | Undeclared        |      7 |      2 |         3 |
|        4 |             1 | Undeclared        |      5 |      4 |         5 |
|        4 |             2 | Undeclared        |     27 |      1 |         2 |
|        5 |             1 | Undeclared        |    100 |      5 |         1 |
+----------+---------------+-------------------+--------+--------+-----------+
9 rows in set (0.00 sec)

MariaDB [examc0717140]> select * from client;
+---------------+-------------------+
| AccountNumber | Name              |
+---------------+-------------------+
|             1 | Zapp Brannigan    |
|             2 | Al Gore's Head    |
|             3 | Barbados Slim     |
|             4 | Ogden Wernstrom   |
|             5 | Leo Wong          |
|             6 | Lrrr              |
|             7 | John Zoidberg     |
|             8 | John Zoidfarb     |
|             9 | Morbo             |
|            10 | Judge John Whitey |
|            11 | Calculon          |
+---------------+-------------------+
11 rows in set (0.00 sec)

MariaDB [examc0717140]> select * from package pg join client cl on cl.accountnumber = pg.packagenumber;
+----------+---------------+-------------------+--------+--------+-----------+---------------+----------------+
| shipment | packageNumber | contents          | weight | sender | recipient | AccountNumber | Name           |
+----------+---------------+-------------------+--------+--------+-----------+---------------+----------------+
|        1 |             1 | Undeclared        |    1.5 |      1 |         2 |             1 | Zapp Brannigan |
|        2 |             1 | Undeclared        |     10 |      2 |         3 |             1 | Zapp Brannigan |
|        2 |             2 | A bucket of krill |      2 |      8 |         7 |             2 | Al Gore's Head |
|        3 |             1 | Undeclared        |     15 |      3 |         4 |             1 | Zapp Brannigan |
|        3 |             2 | Undeclared        |      3 |      5 |         1 |             2 | Al Gore's Head |
|        3 |             3 | Undeclared        |      7 |      2 |         3 |             3 | Barbados Slim  |
|        4 |             1 | Undeclared        |      5 |      4 |         5 |             1 | Zapp Brannigan |
|        4 |             2 | Undeclared        |     27 |      1 |         2 |             2 | Al Gore's Head |
|        5 |             1 | Undeclared        |    100 |      5 |         1 |             1 | Zapp Brannigan |
+----------+---------------+-------------------+--------+--------+-----------+---------------+----------------+
9 rows in set (0.00 sec)

MariaDB [examc0717140]> select * from package pg join client cl on cl.accountnumber = pg.packagenumber where cl.accountnumber = 1,5,6;
ERROR 1064 (42000): You have an error in your SQL syntax; check the manual that corresponds to your MariaDB server version for the right syntax to use near '5,6' at line 1
MariaDB [examc0717140]> select * from package pg join client cl on cl.accountnumber = pg.packagenumber where cl.accountnumber = 1;
+----------+---------------+------------+--------+--------+-----------+---------------+----------------+
| shipment | packageNumber | contents   | weight | sender | recipient | AccountNumber | Name           |
+----------+---------------+------------+--------+--------+-----------+---------------+----------------+
|        1 |             1 | Undeclared |    1.5 |      1 |         2 |             1 | Zapp Brannigan |
|        2 |             1 | Undeclared |     10 |      2 |         3 |             1 | Zapp Brannigan |
|        3 |             1 | Undeclared |     15 |      3 |         4 |             1 | Zapp Brannigan |
|        4 |             1 | Undeclared |      5 |      4 |         5 |             1 | Zapp Brannigan |
|        5 |             1 | Undeclared |    100 |      5 |         1 |             1 | Zapp Brannigan |
+----------+---------------+------------+--------+--------+-----------+---------------+----------------+
5 rows in set (0.00 sec)

MariaDB [examc0717140]> select * from package pg join client cl on cl.accountnumber = pg.packagenumber where cl.accountnumber = 1 and 5 or 6;
+----------+---------------+-------------------+--------+--------+-----------+---------------+----------------+
| shipment | packageNumber | contents          | weight | sender | recipient | AccountNumber | Name           |
+----------+---------------+-------------------+--------+--------+-----------+---------------+----------------+
|        1 |             1 | Undeclared        |    1.5 |      1 |         2 |             1 | Zapp Brannigan |
|        2 |             1 | Undeclared        |     10 |      2 |         3 |             1 | Zapp Brannigan |
|        2 |             2 | A bucket of krill |      2 |      8 |         7 |             2 | Al Gore's Head |
|        3 |             1 | Undeclared        |     15 |      3 |         4 |             1 | Zapp Brannigan |
|        3 |             2 | Undeclared        |      3 |      5 |         1 |             2 | Al Gore's Head |
|        3 |             3 | Undeclared        |      7 |      2 |         3 |             3 | Barbados Slim  |
|        4 |             1 | Undeclared        |      5 |      4 |         5 |             1 | Zapp Brannigan |
|        4 |             2 | Undeclared        |     27 |      1 |         2 |             2 | Al Gore's Head |
|        5 |             1 | Undeclared        |    100 |      5 |         1 |             1 | Zapp Brannigan |
+----------+---------------+-------------------+--------+--------+-----------+---------------+----------------+
9 rows in set (0.00 sec)

MariaDB [examc0717140]> create view v02 as  select * from package pg join client cl on cl.accountnumber = pg.packagenumber where cl.accountnumber = 1 and 5 or 6;
Query OK, 0 rows affected (0.01 sec)

MariaDB [examc0717140]> select * from v02;
+----------+---------------+-------------------+--------+--------+-----------+---------------+----------------+
| shipment | packageNumber | contents          | weight | sender | recipient | AccountNumber | Name           |
+----------+---------------+-------------------+--------+--------+-----------+---------------+----------------+
|        1 |             1 | Undeclared        |    1.5 |      1 |         2 |             1 | Zapp Brannigan |
|        2 |             1 | Undeclared        |     10 |      2 |         3 |             1 | Zapp Brannigan |
|        2 |             2 | A bucket of krill |      2 |      8 |         7 |             2 | Al Gore's Head |
|        3 |             1 | Undeclared        |     15 |      3 |         4 |             1 | Zapp Brannigan |
|        3 |             2 | Undeclared        |      3 |      5 |         1 |             2 | Al Gore's Head |
|        3 |             3 | Undeclared        |      7 |      2 |         3 |             3 | Barbados Slim  |
|        4 |             1 | Undeclared        |      5 |      4 |         5 |             1 | Zapp Brannigan |
|        4 |             2 | Undeclared        |     27 |      1 |         2 |             2 | Al Gore's Head |
|        5 |             1 | Undeclared        |    100 |      5 |         1 |             1 | Zapp Brannigan |
+----------+---------------+-------------------+--------+--------+-----------+---------------+----------------+
9 rows in set (0.00 sec)

MariaDB [examc0717140]> select * from shipment;
+------------+--------------+---------+-----------+
| ShipmentId | ShipmentDate | Manager | Planet_ID |
+------------+--------------+---------+-----------+
|          1 | 3004-05-11   |       1 |         1 |
|          2 | 3004-05-11   |       1 |         2 |
|          3 | NULL         |       2 |         3 |
|          4 | NULL         |       2 |         4 |
|          5 | NULL         |       7 |         5 |
+------------+--------------+---------+-----------+
5 rows in set (0.00 sec)

MariaDB [examc0717140]> update shipmentdate add 'curdate()' where shipmentdate is null;
ERROR 1064 (42000): You have an error in your SQL syntax; check the manual that corresponds to your MariaDB server version for the right syntax to use near 'add 'curdate()' where shipmentdate is null' at line 1
MariaDB [examc0717140]> update shipmentdate add curdate() where shipmentdate is null;
ERROR 1064 (42000): You have an error in your SQL syntax; check the manual that corresponds to your MariaDB server version for the right syntax to use near 'add curdate() where shipmentdate is null' at line 1
MariaDB [examc0717140]> update shipment add shipmentdate = curdate() where shipmentdate is null;
ERROR 1064 (42000): You have an error in your SQL syntax; check the manual that corresponds to your MariaDB server version for the right syntax to use near 'add shipmentdate = curdate() where shipmentdate is null' at line 1
MariaDB [examc0717140]> update shipment add shipmentdate = 'curdate()' where shipmentdate is null;
ERROR 1064 (42000): You have an error in your SQL syntax; check the manual that corresponds to your MariaDB server version for the right syntax to use near 'add shipmentdate = 'curdate()' where shipmentdate is null' at line 1
MariaDB [examc0717140]> update shipment add shipmentdate = 'curentdate()' where shipmentdate is null;
ERROR 1064 (42000): You have an error in your SQL syntax; check the manual that corresponds to your MariaDB server version for the right syntax to use near 'add shipmentdate = 'curentdate()' where shipmentdate is null' at line 1
MariaDB [examc0717140]> update shipment add shipmentdate = curdate() where shipmentdate is null;
ERROR 1064 (42000): You have an error in your SQL syntax; check the manual that corresponds to your MariaDB server version for the right syntax to use near 'add shipmentdate = curdate() where shipmentdate is null' at line 1
MariaDB [examc0717140]> select * from employee;
+-------------+--------------------------+--------------+--------+-------------------------------------------------------------------------+
| Employee_ID | Name                     | Position     | Salary | Remarks                                                                 |
+-------------+--------------------------+--------------+--------+-------------------------------------------------------------------------+
|           1 | Phillip J. Fry           | Delivery boy |   7500 | Not to be confused with the Philip J. Fry from Hovering Squid World 97a |
|           2 | Turanga Leela            | Captain      |  10000 | add remark                                                              |
|           3 | Bender Bending Rodriguez | Robot        |   7500 | add remark                                                              |
|           4 | Hubert J. Farnsworth     | CEO          |  20000 | add remark                                                              |
|           5 | John A. Zoidberg         | Physician    |     25 | add remark                                                              |
|           6 | Amy Wong                 | Intern       |   5000 | add remark                                                              |
|           7 | Hermes Conrad            | Bureaucrat   |  10000 | add remark                                                              |
|           8 | Scruffy Scruffington     | Janitor      |   5000 | add remark                                                              |
+-------------+--------------------------+--------------+--------+-------------------------------------------------------------------------+
8 rows in set (0.00 sec)

MariaDB [examc0717140]> update shipment set shipmentdate = getdate() where shipment date is null; 
ERROR 1064 (42000): You have an error in your SQL syntax; check the manual that corresponds to your MariaDB server version for the right syntax to use near 'date is null' at line 1
MariaDB [examc0717140]> update shipment set shipmentdate = getdate() where shipmentdate is null; 
ERROR 1305 (42000): FUNCTION examc0717140.getdate does not exist
MariaDB [examc0717140]> update shipment set shipmentdate = curdate() where shipmentdate is null; 
Query OK, 3 rows affected (0.09 sec)
Rows matched: 3  Changed: 3  Warnings: 0

MariaDB [examc0717140]> select * from shipment;
+------------+--------------+---------+-----------+
| ShipmentId | ShipmentDate | Manager | Planet_ID |
+------------+--------------+---------+-----------+
|          1 | 3004-05-11   |       1 |         1 |
|          2 | 3004-05-11   |       1 |         2 |
|          3 | 2017-09-18   |       2 |         3 |
|          4 | 2017-09-18   |       2 |         4 |
|          5 | 2017-09-18   |       7 |         5 |
+------------+--------------+---------+-----------+
5 rows in set (0.00 sec)

MariaDB [examc0717140]> select * from package;
+----------+---------------+-------------------+--------+--------+-----------+
| shipment | packageNumber | contents          | weight | sender | recipient |
+----------+---------------+-------------------+--------+--------+-----------+
|        1 |             1 | Undeclared        |    1.5 |      1 |         2 |
|        2 |             1 | Undeclared        |     10 |      2 |         3 |
|        2 |             2 | A bucket of krill |      2 |      8 |         7 |
|        3 |             1 | Undeclared        |     15 |      3 |         4 |
|        3 |             2 | Undeclared        |      3 |      5 |         1 |
|        3 |             3 | Undeclared        |      7 |      2 |         3 |
|        4 |             1 | Undeclared        |      5 |      4 |         5 |
|        4 |             2 | Undeclared        |     27 |      1 |         2 |
|        5 |             1 | Undeclared        |    100 |      5 |         1 |
+----------+---------------+-------------------+--------+--------+-----------+
9 rows in set (0.00 sec)

MariaDB [examc0717140]> select shp.shipmentdate,pkg.sender,pkg.recipient from package pkg join shipment shp on shp.shipmentid = pkg.shipment where pkg.weight between 5 and 10;
+--------------+--------+-----------+
| shipmentdate | sender | recipient |
+--------------+--------+-----------+
| 3004-05-11   |      2 |         3 |
| 2017-09-18   |      2 |         3 |
| 2017-09-18   |      4 |         5 |
+--------------+--------+-----------+
3 rows in set (0.00 sec)

MariaDB [examc0717140]> select shp.shipmentdate,pkg.sender,pkg.weight,pkg.recipient from package pkg join shipment shp on shp.shipmentid = pkg.shipment where pkg.weight between 5 and 10;
+--------------+--------+--------+-----------+
| shipmentdate | sender | weight | recipient |
+--------------+--------+--------+-----------+
| 3004-05-11   |      2 |     10 |         3 |
| 2017-09-18   |      2 |      7 |         3 |
| 2017-09-18   |      4 |      5 |         5 |
+--------------+--------+--------+-----------+
3 rows in set (0.00 sec)

MariaDB [examc0717140]> select shp.shipmentdate AS [Month DD, YYYY],pkg.sender,pkg.weight,pkg.recipient from package pkg join shipment shp on shp.shipmentid = pkg.shipment where pkg.weight between 5 and 10;
ERROR 1064 (42000): You have an error in your SQL syntax; check the manual that corresponds to your MariaDB server version for the right syntax to use near '[Month DD, YYYY],pkg.sender,pkg.weight,pkg.recipient from package pkg join shipm' at line 1
MariaDB [examc0717140]> create view v04 as select shp.shipmentdate,pkg.sender,pkg.weight,pkg.recipient from package pkg join shipment shp on shp.shipmentid = pkg.shipment where pkg.weight between 5 and 10;
Query OK, 0 rows affected (0.03 sec)

MariaDB [examc0717140]> select * from v04;
+--------------+--------+--------+-----------+
| shipmentdate | sender | weight | recipient |
+--------------+--------+--------+-----------+
| 3004-05-11   |      2 |     10 |         3 |
| 2017-09-18   |      2 |      7 |         3 |
| 2017-09-18   |      4 |      5 |         5 |
+--------------+--------+--------+-----------+
3 rows in set (0.00 sec)

MariaDB [examc0717140]> select * from shipment;
+------------+--------------+---------+-----------+
| ShipmentId | ShipmentDate | Manager | Planet_ID |
+------------+--------------+---------+-----------+
|          1 | 3004-05-11   |       1 |         1 |
|          2 | 3004-05-11   |       1 |         2 |
|          3 | 2017-09-18   |       2 |         3 |
|          4 | 2017-09-18   |       2 |         4 |
|          5 | 2017-09-18   |       7 |         5 |
+------------+--------------+---------+-----------+
5 rows in set (0.00 sec)

MariaDB [examc0717140]> select * from package;
+----------+---------------+-------------------+--------+--------+-----------+
| shipment | packageNumber | contents          | weight | sender | recipient |
+----------+---------------+-------------------+--------+--------+-----------+
|        1 |             1 | Undeclared        |    1.5 |      1 |         2 |
|        2 |             1 | Undeclared        |     10 |      2 |         3 |
|        2 |             2 | A bucket of krill |      2 |      8 |         7 |
|        3 |             1 | Undeclared        |     15 |      3 |         4 |
|        3 |             2 | Undeclared        |      3 |      5 |         1 |
|        3 |             3 | Undeclared        |      7 |      2 |         3 |
|        4 |             1 | Undeclared        |      5 |      4 |         5 |
|        4 |             2 | Undeclared        |     27 |      1 |         2 |
|        5 |             1 | Undeclared        |    100 |      5 |         1 |
+----------+---------------+-------------------+--------+--------+-----------+
9 rows in set (0.00 sec)

MariaDB [examc0717140]> select * from planet;
+-----------+------------------+-------------+
| Planet_ID | Name             | Coordinates |
+-----------+------------------+-------------+
|         1 | Omicron Persei 8 |    89475300 |
|         2 | Decapod X        | 65498500000 |
|         3 | Mars             |    32435000 |
|         4 | Omega III        |    98432100 |
|         5 | Tarantulon VI    |   849842000 |
|         6 | Cannibalon       |   654322000 |
|         7 | DogDoo VII       | 65498700000 |
|         8 | Nintenduu 64     |  6543220000 |
|         9 | Amazonia         | 65432100000 |
+-----------+------------------+-------------+
9 rows in set (0.02 sec)

MariaDB [examc0717140]> select * from shp.shipment join package pg on pg.planet_id = shp.shipmentid where pg.name like '%Mars%';
ERROR 1146 (42S02): Table 'shp.shipment' doesn't exist
MariaDB [examc0717140]> select * from shipment  shipment shpjoin package pg on pg.planet_id = shp.shipmentid where pg.name like '%Mars%';
ERROR 1064 (42000): You have an error in your SQL syntax; check the manual that corresponds to your MariaDB server version for the right syntax to use near 'shpjoin package pg on pg.planet_id = shp.shipmentid where pg.name like '%Mars%'' at line 1
MariaDB [examc0717140]> select * from shipment  shipment shp join package pg on pg.planet_id = shp.shipmentid where pg.name like '%Mars%';
ERROR 1064 (42000): You have an error in your SQL syntax; check the manual that corresponds to your MariaDB server version for the right syntax to use near 'shp join package pg on pg.planet_id = shp.shipmentid where pg.name like '%Mars%'' at line 1
MariaDB [examc0717140]> select * from shipment  shipment shp join package pg on pg.planet_id = shp.shipmentid where pg.name like '%Mars%';sele
ERROR 1064 (42000): You have an error in your SQL syntax; check the manual that corresponds to your MariaDB server version for the right syntax to use near 'shp join package pg on pg.planet_id = shp.shipmentid where pg.name like '%Mars%'' at line 1
    -> ;
ERROR 1064 (42000): You have an error in your SQL syntax; check the manual that corresponds to your MariaDB server version for the right syntax to use near 'sele' at line 1
MariaDB [examc0717140]> select emp.name,pl.name from employee emp join planet pl on pl.planet_id = employee_id;
+--------------------------+------------------+
| name                     | name             |
+--------------------------+------------------+
| Phillip J. Fry           | Omicron Persei 8 |
| Turanga Leela            | Decapod X        |
| Bender Bending Rodriguez | Mars             |
| Hubert J. Farnsworth     | Omega III        |
| John A. Zoidberg         | Tarantulon VI    |
| Amy Wong                 | Cannibalon       |
| Hermes Conrad            | DogDoo VII       |
| Scruffy Scruffington     | Nintenduu 64     |
+--------------------------+------------------+
8 rows in set (0.00 sec)

MariaDB [examc0717140]> select * from has_clearance;
+----------+--------+-------+
| employee | planet | level |
+----------+--------+-------+
|        1 |      1 |     2 |
|        1 |      2 |     3 |
|        2 |      3 |     2 |
|        2 |      4 |     4 |
|        3 |      5 |     2 |
|        3 |      6 |     4 |
|        4 |      7 |     1 |
+----------+--------+-------+
7 rows in set (0.03 sec)

